[    0.000000] Initializing cgroup subsys cpuset
[    0.000000] Initializing cgroup subsys cpu
[    0.000000] Initializing cgroup subsys cpuacct
[    0.000000] Linux version 4.4.0-210-generic (buildd@lgw01-amd64-009) (gcc version 5.4.0 20160609 (Ubuntu 5.4.0-6ubuntu1~16.04.12) ) #242-Ubuntu SMP Fri Apr 16 09:57:56 UTC 2021 (Ubuntu 4.4.0-210.242-generic 4.4.262)
[    0.000000] Command line: BOOT_IMAGE=/boot/vmlinuz-4.4.0-210-generic root=LABEL=cloudimg-rootfs ro console=tty1 console=ttyS0
[    0.000000] KERNEL supported cpus:
[    0.000000]   Intel GenuineIntel
[    0.000000]   AMD AuthenticAMD
[    0.000000]   Centaur CentaurHauls
[    0.000000] [Firmware Bug]: TSC doesn't count with P0 frequency!
[    0.000000] x86/fpu: xstate_offset[2]:  576, xstate_sizes[2]:  256
[    0.000000] x86/fpu: Supporting XSAVE feature 0x01: 'x87 floating point registers'
[    0.000000] x86/fpu: Supporting XSAVE feature 0x02: 'SSE registers'
[    0.000000] x86/fpu: Supporting XSAVE feature 0x04: 'AVX registers'
[    0.000000] x86/fpu: Enabled xstate features 0x7, context size is 832 bytes, using 'standard' format.
[    0.000000] e820: BIOS-provided physical RAM map:
[    0.000000] BIOS-e820: [mem 0x0000000000000000-0x000000000009fbff] usable
[    0.000000] BIOS-e820: [mem 0x000000000009fc00-0x000000000009ffff] reserved
[    0.000000] BIOS-e820: [mem 0x00000000000f0000-0x00000000000fffff] reserved
[    0.000000] BIOS-e820: [mem 0x0000000000100000-0x000000005ffeffff] usable
[    0.000000] BIOS-e820: [mem 0x000000005fff0000-0x000000005fffffff] ACPI data
[    0.000000] BIOS-e820: [mem 0x00000000fec00000-0x00000000fec00fff] reserved
[    0.000000] BIOS-e820: [mem 0x00000000fee00000-0x00000000fee00fff] reserved
[    0.000000] BIOS-e820: [mem 0x00000000fffc0000-0x00000000ffffffff] reserved
[    0.000000] NX (Execute Disable) protection: active
[    0.000000] SMBIOS 2.5 present.
[    0.000000] Hypervisor detected: KVM
[    0.000000] Kernel/User page tables isolation: disabled
[    0.000000] e820: last_pfn = 0x5fff0 max_arch_pfn = 0x400000000
[    0.000000] MTRR: Disabled
[    0.000000] x86/PAT: MTRRs disabled, skipping PAT initialization too.
[    0.000000] CPU MTRRs all blank - virtualized system.
[    0.000000] x86/PAT: Configuration [0-7]: WB  WT  UC- UC  WB  WT  UC- UC  
[    0.000000] found SMP MP-table at [mem 0x0009fff0-0x0009ffff] mapped at [ffff88000009fff0]
[    0.000000] Scanning 1 areas for low memory corruption
[    0.000000] RAMDISK: [mem 0x3613c000-0x37095fff]
[    0.000000] ACPI: Early table checksum verification disabled
[    0.000000] ACPI: RSDP 0x00000000000E0000 000024 (v02 VBOX  )
[    0.000000] ACPI: XSDT 0x000000005FFF0030 00003C (v01 VBOX   VBOXXSDT 00000001 ASL  00000061)
[    0.000000] ACPI: FACP 0x000000005FFF00F0 0000F4 (v04 VBOX   VBOXFACP 00000001 ASL  00000061)
[    0.000000] ACPI: DSDT 0x000000005FFF0470 002325 (v02 VBOX   VBOXBIOS 00000002 INTL 20100528)
[    0.000000] ACPI: FACS 0x000000005FFF0200 000040
[    0.000000] ACPI: FACS 0x000000005FFF0200 000040
[    0.000000] ACPI: APIC 0x000000005FFF0240 00005C (v02 VBOX   VBOXAPIC 00000001 ASL  00000061)
[    0.000000] ACPI: SSDT 0x000000005FFF02A0 0001CC (v01 VBOX   VBOXCPUT 00000002 INTL 20100528)
[    0.000000] No NUMA configuration found
[    0.000000] Faking a node at [mem 0x0000000000000000-0x000000005ffeffff]
[    0.000000] NODE_DATA(0) allocated [mem 0x5ffeb000-0x5ffeffff]
[    0.000000] kvm-clock: Using msrs 4b564d01 and 4b564d00
[    0.000000] kvm-clock: cpu 0, msr 0:5ffe3001, primary cpu clock
[    0.000000] kvm-clock: using sched offset of 3230711950 cycles
[    0.000000] clocksource: kvm-clock: mask: 0xffffffffffffffff max_cycles: 0x1cd42e4dffb, max_idle_ns: 881590591483 ns
[    0.000000] Zone ranges:
[    0.000000]   DMA      [mem 0x0000000000001000-0x0000000000ffffff]
[    0.000000]   DMA32    [mem 0x0000000001000000-0x000000005ffeffff]
[    0.000000]   Normal   empty
[    0.000000]   Device   empty
[    0.000000] Movable zone start for each node
[    0.000000] Early memory node ranges
[    0.000000]   node   0: [mem 0x0000000000001000-0x000000000009efff]
[    0.000000]   node   0: [mem 0x0000000000100000-0x000000005ffeffff]
[    0.000000] Initmem setup node 0 [mem 0x0000000000001000-0x000000005ffeffff]
[    0.000000] ACPI: PM-Timer IO Port: 0x4008
[    0.000000] IOAPIC[0]: apic_id 2, version 32, address 0xfec00000, GSI 0-23
[    0.000000] ACPI: INT_SRC_OVR (bus 0 bus_irq 0 global_irq 2 dfl dfl)
[    0.000000] ACPI: INT_SRC_OVR (bus 0 bus_irq 9 global_irq 9 low level)
[    0.000000] Using ACPI (MADT) for SMP configuration information
[    0.000000] smpboot: Allowing 2 CPUs, 0 hotplug CPUs
[    0.000000] PM: Registered nosave memory: [mem 0x00000000-0x00000fff]
[    0.000000] PM: Registered nosave memory: [mem 0x0009f000-0x0009ffff]
[    0.000000] PM: Registered nosave memory: [mem 0x000a0000-0x000effff]
[    0.000000] PM: Registered nosave memory: [mem 0x000f0000-0x000fffff]
[    0.000000] e820: [mem 0x60000000-0xfebfffff] available for PCI devices
[    0.000000] Booting paravirtualized kernel on KVM
[    0.000000] clocksource: refined-jiffies: mask: 0xffffffff max_cycles: 0xffffffff, max_idle_ns: 7645519600211568 ns
[    0.000000] setup_percpu: NR_CPUS:512 nr_cpumask_bits:512 nr_cpu_ids:2 nr_node_ids:1
[    0.000000] PERCPU: Embedded 33 pages/cpu @ffff88005fc00000 s95192 r8192 d31784 u1048576
[    0.000000] Built 1 zonelists in Node order, mobility grouping on.  Total pages: 386936
[    0.000000] Policy zone: DMA32
[    0.000000] Kernel command line: BOOT_IMAGE=/boot/vmlinuz-4.4.0-210-generic root=LABEL=cloudimg-rootfs ro console=tty1 console=ttyS0
[    0.000000] PID hash table entries: 4096 (order: 3, 32768 bytes)
[    0.000000] Memory: 1513056K/1572408K available (8644K kernel code, 1332K rwdata, 4044K rodata, 1492K init, 1164K bss, 59352K reserved, 0K cma-reserved)
[    0.000000] SLUB: HWalign=64, Order=0-3, MinObjects=0, CPUs=2, Nodes=1
[    0.000000] Hierarchical RCU implementation.
[    0.000000] 	Build-time adjustment of leaf fanout to 64.
[    0.000000] 	RCU restricting CPUs from NR_CPUS=512 to nr_cpu_ids=2.
[    0.000000] RCU: Adjusting geometry for rcu_fanout_leaf=64, nr_cpu_ids=2
[    0.000000] NR_IRQS:33024 nr_irqs:440 16
[    0.000000] Console: colour VGA+ 80x25
[    0.000000] console [tty1] enabled
[    0.000000] console [ttyS0] enabled
[    0.000000] tsc: Detected 3792.878 MHz processor
[    0.105608] Calibrating delay loop (skipped) preset value.. 7585.75 BogoMIPS (lpj=15171512)
[    0.106807] pid_max: default: 32768 minimum: 301
[    0.107414] ACPI: Core revision 20150930
[    0.108621] ACPI: 2 ACPI AML tables successfully acquired and loaded
[    0.109720] Security Framework initialized
[    0.110448] Yama: becoming mindful.
[    0.111001] AppArmor: AppArmor initialized
[    0.111869] Dentry cache hash table entries: 262144 (order: 9, 2097152 bytes)
[    0.112954] Inode-cache hash table entries: 131072 (order: 8, 1048576 bytes)
[    0.113887] Mount-cache hash table entries: 4096 (order: 3, 32768 bytes)
[    0.114680] Mountpoint-cache hash table entries: 4096 (order: 3, 32768 bytes)
[    0.115845] Initializing cgroup subsys io
[    0.116400] Initializing cgroup subsys memory
[    0.116987] Initializing cgroup subsys devices
[    0.117574] Initializing cgroup subsys freezer
[    0.118205] Initializing cgroup subsys net_cls
[    0.118835] Initializing cgroup subsys perf_event
[    0.119453] Initializing cgroup subsys net_prio
[    0.120057] Initializing cgroup subsys hugetlb
[    0.120646] Initializing cgroup subsys pids
[    0.128612] mce: CPU supports 0 MCE banks
[    0.129296] Last level iTLB entries: 4KB 1024, 2MB 1024, 4MB 512
[    0.130070] Last level dTLB entries: 4KB 2048, 2MB 2048, 4MB 1024, 1GB 0
[    0.130859] Spectre V1 : Mitigation: usercopy/swapgs barriers and __user pointer sanitization
[    0.131941] Spectre V2 : Spectre mitigation: LFENCE not serializing, switching to generic retpoline
[    0.133059] Spectre V2 : Mitigation: Full generic retpoline
[    0.133733] Spectre V2 : Spectre v2 / SpectreRSB mitigation: Filling RSB on context switch
[    0.136633] Freeing SMP alternatives memory: 36K
[    0.141879] ftrace: allocating 32380 entries in 127 pages
[    0.190255] smpboot: APIC(0) Converting physical 0 to logical package 0
[    0.191315] smpboot: Max logical packages: 1
[    0.192112] x2apic enabled
[    0.192876] Switched APIC routing to physical x2apic.
[    0.194486] ..TIMER: vector=0x30 apic1=0 pin1=2 apic2=-1 pin2=-1
[    0.303315] APIC calibration not consistent with PM-Timer: 109ms instead of 100ms
[    0.304609] APIC delta adjusted to PM-Timer: 6442523 (7075988)
[    0.305582] smpboot: CPU0: AMD Ryzen 5 3600X 6-Core Processor (family: 0x17, model: 0x71, stepping: 0x0)
[    0.307063] Performance Events: Broken PMU hardware detected, using software events only.
[    0.308286] Failed to access perfctr msr (MSR c0010007 is 0)
[    0.314640] KVM setup paravirtual spinlock
[    0.315857] x86: Booting SMP configuration:
[    0.316482] .... node  #0, CPUs:      #1
[    0.317191] kvm-clock: cpu 1, msr 0:5ffe3041, secondary cpu clock
[    0.325024] mce: CPU supports 0 MCE banks
[    0.327493] x86: Booted up 1 node, 2 CPUs
[    0.328299] smpboot: Total of 2 processors activated (15171.51 BogoMIPS)
[    0.329454] devtmpfs: initialized
[    0.331381] evm: security.selinux
[    0.331904] evm: security.SMACK64
[    0.332488] evm: security.SMACK64EXEC
[    0.333061] evm: security.SMACK64TRANSMUTE
[    0.333647] evm: security.SMACK64MMAP
[    0.334209] evm: security.ima
[    0.334683] evm: security.capability
[    0.335344] clocksource: jiffies: mask: 0xffffffff max_cycles: 0xffffffff, max_idle_ns: 7645041785100000 ns
[    0.336713] futex hash table entries: 512 (order: 3, 32768 bytes)
[    0.337738] pinctrl core: initialized pinctrl subsystem
[    0.338692] RTC time:  0:50:13, date: 11/23/22
[    0.339642] NET: Registered protocol family 16
[    0.352448] cpuidle: using governor ladder
[    0.362248] cpuidle: using governor menu
[    0.362848] PCCT header not found.
[    0.363635] ACPI: bus type PCI registered
[    0.364223] acpiphp: ACPI Hot Plug PCI Controller Driver version: 0.5
[    0.365113] PCI: Using configuration type 1 for base access
[    0.365840] PCI: Using configuration type 1 for extended access
[    0.375701] ACPI: Added _OSI(Module Device)
[    0.376427] ACPI: Added _OSI(Processor Device)
[    0.377092] ACPI: Added _OSI(3.0 _SCP Extensions)
[    0.377729] ACPI: Added _OSI(Processor Aggregator Device)
[    0.378831] ACPI: Executed 1 blocks of module-level executable AML code
[    0.380836] ACPI: Interpreter enabled
[    0.381368] ACPI: (supports S0 S5)
[    0.381861] ACPI: Using IOAPIC for interrupt routing
[    0.382605] PCI: Using host bridge windows from ACPI; if necessary, use "pci=nocrs" and report a bug
[    0.385930] ACPI: PCI Root Bridge [PCI0] (domain 0000 [bus 00-ff])
[    0.386710] acpi PNP0A03:00: _OSC: OS supports [ExtendedConfig ASPM ClockPM Segments MSI]
[    0.388397] acpi PNP0A03:00: _OSC: platform does not support [PCIeCapability]
[    0.389645] acpi PNP0A03:00: _OSC: not requesting control; platform does not support [PCIeCapability]
[    0.390870] acpi PNP0A03:00: _OSC: OS requested [PCIeHotplug PME AER PCIeCapability]
[    0.391916] acpi PNP0A03:00: _OSC: platform willing to grant [PCIeHotplug PME AER]
[    0.393039] acpi PNP0A03:00: _OSC failed (AE_SUPPORT); disabling ASPM
[    0.394226] PCI host bridge to bus 0000:00
[    0.401170] pci_bus 0000:00: root bus resource [io  0x0000-0x0cf7 window]
[    0.402052] pci_bus 0000:00: root bus resource [io  0x0d00-0xffff window]
[    0.402896] pci_bus 0000:00: root bus resource [mem 0x000a0000-0x000bffff window]
[    0.403926] pci_bus 0000:00: root bus resource [mem 0x60000000-0xfdffffff window]
[    0.405081] pci_bus 0000:00: root bus resource [bus 00-ff]
[    0.407242] pci 0000:00:01.1: legacy IDE quirk: reg 0x10: [io  0x01f0-0x01f7]
[    0.408270] pci 0000:00:01.1: legacy IDE quirk: reg 0x14: [io  0x03f6]
[    0.409151] pci 0000:00:01.1: legacy IDE quirk: reg 0x18: [io  0x0170-0x0177]
[    0.410037] pci 0000:00:01.1: legacy IDE quirk: reg 0x1c: [io  0x0376]
[    0.418412] pci 0000:00:07.0: quirk: [io  0x4000-0x403f] claimed by PIIX4 ACPI
[    0.419443] pci 0000:00:07.0: quirk: [io  0x4100-0x410f] claimed by PIIX4 SMB
[    0.422840] ACPI: PCI Interrupt Link [LNKA] (IRQs 5 9 10 *11)
[    0.424023] ACPI: PCI Interrupt Link [LNKB] (IRQs 5 9 *10 11)
[    0.425284] ACPI: PCI Interrupt Link [LNKC] (IRQs 5 *9 10 11)
[    0.426336] ACPI: PCI Interrupt Link [LNKD] (IRQs 5 9 10 *11)
[    0.427428] ACPI: Enabled 2 GPEs in block 00 to 07
[    0.428282] vgaarb: setting as boot device: PCI:0000:00:02.0
[    0.429006] vgaarb: device added: PCI:0000:00:02.0,decodes=io+mem,owns=io+mem,locks=none
[    0.430095] vgaarb: loaded
[    0.430537] vgaarb: bridge control possible 0000:00:02.0
[    0.431381] SCSI subsystem initialized
[    0.432057] ACPI: bus type USB registered
[    0.432636] usbcore: registered new interface driver usbfs
[    0.433375] usbcore: registered new interface driver hub
[    0.434081] usbcore: registered new device driver usb
[    0.434945] PCI: Using ACPI for IRQ routing
[    0.435782] NetLabel: Initializing
[    0.436322] NetLabel:  domain hash size = 128
[    0.436940] NetLabel:  protocols = UNLABELED CIPSOv4
[    0.437636] NetLabel:  unlabeled traffic allowed by default
[    0.438568] amd_nb: Cannot enumerate AMD northbridges
[    0.439343] clocksource: Switched to clocksource kvm-clock
[    0.444132] AppArmor: AppArmor Filesystem Enabled
[    0.444962] pnp: PnP ACPI init
[    0.446037] pnp: PnP ACPI: found 3 devices
[    0.453757] clocksource: acpi_pm: mask: 0xffffff max_cycles: 0xffffff, max_idle_ns: 2085701024 ns
[    0.455039] NET: Registered protocol family 2
[    0.455802] TCP established hash table entries: 16384 (order: 5, 131072 bytes)
[    0.456851] TCP bind hash table entries: 16384 (order: 6, 262144 bytes)
[    0.457735] TCP: Hash tables configured (established 16384 bind 16384)
[    0.458536] UDP hash table entries: 1024 (order: 3, 32768 bytes)
[    0.459387] UDP-Lite hash table entries: 1024 (order: 3, 32768 bytes)
[    0.460246] NET: Registered protocol family 1
[    0.460867] pci 0000:00:00.0: Limiting direct PCI/PCI transfers
[    0.461631] pci 0000:00:01.0: Activating ISA DMA hang workarounds
[    0.462480] Unpacking initramfs...
[    0.634617] Freeing initrd memory: 15720K
[    0.635457] clocksource: tsc: mask: 0xffffffffffffffff max_cycles: 0x6d581e7db98, max_idle_ns: 881590517229 ns
[    0.636770] platform rtc_cmos: registered platform RTC device (no PNP device found)
[    0.637909] Scanning for low memory corruption every 60 seconds
[    0.638979] audit: initializing netlink subsys (disabled)
[    0.639763] audit: type=2000 audit(1669164618.562:1): initialized
[    0.640753] Initialise system trusted keyring
[    0.641478] HugeTLB registered 2 MB page size, pre-allocated 0 pages
[    0.642954] zbud: loaded
[    0.643660] VFS: Disk quotas dquot_6.6.0
[    0.644228] VFS: Dquot-cache hash table entries: 512 (order 0, 4096 bytes)
[    0.645171] squashfs: version 4.0 (2009/01/31) Phillip Lougher
[    0.646022] fuse init (API version 7.23)
[    0.646655] Key type big_key registered
[    0.647205] Allocating IMA MOK and blacklist keyrings.
[    0.648534] Key type asymmetric registered
[    0.649101] Asymmetric key parser 'x509' registered
[    0.649744] Block layer SCSI generic (bsg) driver version 0.4 loaded (major 249)
[    0.650802] io scheduler noop registered
[    0.651348] io scheduler deadline registered (default)
[    0.652041] io scheduler cfq registered
[    0.652642] pci_hotplug: PCI Hot Plug PCI Core version: 0.5
[    0.653369] pciehp: PCI Express Hot Plug Controller Driver version: 0.4
[    0.654284] ACPI: AC Adapter [AC] (on-line)
[    0.655074] input: Power Button as /devices/LNXSYSTM:00/LNXPWRBN:00/input/input0
[    0.656096] ACPI: Power Button [PWRF]
[    0.656658] input: Sleep Button as /devices/LNXSYSTM:00/LNXSLPBN:00/input/input1
[    0.657690] ACPI: Sleep Button [SLPF]
[    0.658355] GHES: HEST is not enabled!
[    0.659039] Serial: 8250/16550 driver, 32 ports, IRQ sharing enabled
[    0.680265] 00:02: ttyS0 at I/O 0x3f8 (irq = 4, base_baud = 115200) is a 16550A
[    0.682886] Linux agpgart interface v0.103
[    0.684655] loop: module loaded
[    0.685495] scsi host0: ata_piix
[    0.686070] scsi host1: ata_piix
[    0.686578] ata1: PATA max UDMA/33 cmd 0x1f0 ctl 0x3f6 bmdma 0xd000 irq 14
[    0.687462] ata2: PATA max UDMA/33 cmd 0x170 ctl 0x376 bmdma 0xd008 irq 15
[    0.688567] libphy: Fixed MDIO Bus: probed
[    0.689380] tun: Universal TUN/TAP device driver, 1.6
[    0.690058] tun: (C) 1999-2004 Max Krasnyansky <maxk@qualcomm.com>
[    0.690930] PPP generic driver version 2.4.2
[    0.691671] ehci_hcd: USB 2.0 'Enhanced' Host Controller (EHCI) Driver
[    0.692487] ehci-pci: EHCI PCI platform driver
[    0.693120] ehci-platform: EHCI generic platform driver
[    0.693800] ohci_hcd: USB 1.1 'Open' Host Controller (OHCI) Driver
[    0.694570] ohci-pci: OHCI PCI platform driver
[    0.695175] ohci-platform: OHCI generic platform driver
[    0.695865] uhci_hcd: USB Universal Host Controller Interface driver
[    0.696751] i8042: PNP: PS/2 Controller [PNP0303:PS2K,PNP0f03:PS2M] at 0x60,0x64 irq 1,12
[    0.698219] serio: i8042 KBD port at 0x60,0x64 irq 1
[    0.698875] serio: i8042 AUX port at 0x60,0x64 irq 12
[    0.699656] mousedev: PS/2 mouse device common for all mice
[    0.700804] input: AT Translated Set 2 keyboard as /devices/platform/i8042/serio0/input/input2
[    0.702010] rtc_cmos rtc_cmos: rtc core: registered rtc_cmos as rtc0
[    0.702871] rtc_cmos rtc_cmos: alarms up to one day, 114 bytes nvram
[    0.703864] i2c /dev entries driver
[    0.704522] device-mapper: uevent: version 1.0.3
[    0.705409] device-mapper: ioctl: 4.34.0-ioctl (2015-10-28) initialised: dm-devel@redhat.com
[    0.706829] ledtrig-cpu: registered to indicate activity on CPUs
[    0.707902] NET: Registered protocol family 10
[    0.708694] NET: Registered protocol family 17
[    0.709339] Key type dns_resolver registered
[    0.710182] registered taskstats version 1
[    0.710761] Loading compiled-in X.509 certificates
[    0.711796] Loaded X.509 cert 'Build time autogenerated kernel key: cf00e047681d67edb2720680708b7d9498083038'
[    0.713133] zswap: loaded using pool lzo/zbud
[    0.714764] Key type trusted registered
[    0.717131] Key type encrypted registered
[    0.717699] AppArmor: AppArmor sha1 policy hashing enabled
[    0.718406] ima: No TPM chip found, activating TPM-bypass!
[    0.719105] ima: Allocated hash algorithm: sha1
[    0.719732] evm: HMAC attrs: 0x1
[    0.720385]   Magic number: 14:543:810
[    0.721056] rtc_cmos rtc_cmos: setting system clock to 2022-11-23 00:50:13 UTC (1669164613)
[    0.722307] BIOS EDD facility v0.16 2004-Jun-25, 0 devices found
[    0.723056] EDD information not available.
[    0.868975] Freeing unused kernel memory: 1492K
[    0.869678] Write protecting the kernel read-only data: 14336k
[    0.870762] Freeing unused kernel memory: 1584K
[    0.871799] Freeing unused kernel memory: 52K
Loading, please wait...
starting version 229
[    0.880108] random: systemd-udevd: uninitialized urandom read (16 bytes read, 2 bits of entropy available)
[    0.880419] random: udevadm: uninitialized urandom read (16 bytes read, 2 bits of entropy available)
[    0.880433] random: udevadm: uninitialized urandom read (16 bytes read, 2 bits of entropy available)
[    0.884508] random: systemd-udevd: uninitialized urandom read (16 bytes read, 2 bits of entropy available)
[    0.885776] random: udevadm: uninitialized urandom read (16 bytes read, 2 bits of entropy available)
[    0.885808] random: udevadm: uninitialized urandom read (16 bytes read, 2 bits of entropy available)
[    0.885890] random: udevadm: uninitialized urandom read (16 bytes read, 2 bits of entropy available)
[    0.885924] random: udevadm: uninitialized urandom read (16 bytes read, 2 bits of entropy available)
[    0.885954] random: udevadm: uninitialized urandom read (16 bytes read, 2 bits of entropy available)
[    0.885985] random: udevadm: uninitialized urandom read (16 bytes read, 2 bits of entropy available)
[    0.915790] e1000: Intel(R) PRO/1000 Network Driver - version 7.3.21-k8-NAPI
[    0.917049] e1000: Copyright (c) 1999-2006 Intel Corporation.
[    0.918769] [drm] Initialized drm 1.1.0 20060810
[    0.920775] Fusion MPT base driver 3.04.20
[    0.921653] Copyright (c) 1999-2008 LSI Corporation
[    0.925420] Fusion MPT SPI Host driver 3.04.20
[    0.928228] vboxvideo: loading out-of-tree module taints kernel.
[    0.929120] vboxvideo: module verification failed: signature and/or required key missing - tainting kernel
[    0.932825] vboxvideo: loading version 6.1.38 r153438
[    0.945262] AVX2 version of gcm_enc/dec engaged.
[    0.946041] AES CTR mode by8 optimization enabled
[    1.151774] input: ImExPS/2 Generic Explorer Mouse as /devices/platform/i8042/serio1/input/input4
[    1.259591] e1000 0000:00:03.0 eth0: (PCI:33MHz:32-bit) 02:be:82:6b:cc:1d
[    1.260540] e1000 0000:00:03.0 eth0: Intel(R) PRO/1000 Network Connection
[    1.261838] mptbase: ioc0: Initiating bringup
[    1.262132] e1000 0000:00:03.0 enp0s3: renamed from eth0
[    1.331829] ioc0: LSI53C1030 A0: Capabilities={Initiator}
[    1.492735] scsi host2: ioc0: LSI53C1030 A0, FwRev=00000000h, Ports=1, MaxQ=256, IRQ=20
[    1.603596] scsi 2:0:0:0: Direct-Access     VBOX     HARDDISK         1.0  PQ: 0 ANSI: 5
[    1.604160] [drm] VRAM 01000000
[    1.604454] [TTM] Zone  kernel: Available graphics memory: 765970 kiB
[    1.604455] [TTM] Initializing pool allocator
[    1.604458] [TTM] Initializing DMA pool allocator
[    1.608149] scsi target2:0:0: Beginning Domain Validation
[    1.608153] fbcon: vboxdrmfb (fb0) is primary device
[    1.608720] scsi target2:0:0: Domain Validation skipping write tests
[    1.608720] scsi target2:0:0: Ending Domain Validation
[    1.608743] scsi target2:0:0: asynchronous
[    1.611880] scsi 2:0:1:0: Direct-Access     VBOX     HARDDISK         1.0  PQ: 0 ANSI: 5
[    1.611882] scsi target2:0:1: Beginning Domain Validation
[    1.612606] scsi target2:0:1: Domain Validation skipping write tests
[    1.612607] scsi target2:0:1: Ending Domain Validation
[    1.612638] scsi target2:0:1: asynchronous
[    1.613164] Console: switching to colour frame buffer device 100x37
[    1.618915] vboxvideo 0000:00:02.0: fb0: vboxdrmfb frame buffer device
[    1.622988] sd 2:0:0:0: Attached scsi generic sg0 type 0
[    1.623611] sd 2:0:0:0: [sda] 83886080 512-byte logical blocks: (42.9 GB/40.0 GiB)
[    1.624396] sd 2:0:1:0: Attached scsi generic sg1 type 0
[    1.625060] sd 2:0:1:0: [sdb] 20480 512-byte logical blocks: (10.5 MB/10.0 MiB)
[    1.626274] sd 2:0:1:0: [sdb] Write Protect is off
[    1.627043] sd 2:0:0:0: [sda] Write Protect is off
[    1.627095] sd 2:0:1:0: [sdb] Incomplete mode parameter data
[    1.627096] sd 2:0:1:0: [sdb] Assuming drive cache: write through
[    1.628884] sd 2:0:1:0: [sdb] Attached SCSI disk
[    1.630500] sd 2:0:0:0: [sda] Incomplete mode parameter data
[    1.631348] sd 2:0:0:0: [sda] Assuming drive cache: write through
[    1.632631]  sda: sda1
[    1.633291] sd 2:0:0:0: [sda] Attached SCSI disk
[    1.635492] [drm] Initialized vboxvideo 1.0.0 20130823 for 0000:00:02.0 on minor 0
Begin: Loading essential drivers ... [    1.685237] md: linear personality registered for level -1
[    1.687497] md: multipath personality registered for level -4
[    1.689682] md: raid0 personality registered for level 0
[    1.692575] md: raid1 personality registered for level 1
[    1.759659] raid6: sse2x1   gen()  8776 MB/s
[    1.828040] raid6: sse2x1   xor()  8538 MB/s
[    1.895488] raid6: sse2x2   gen() 18324 MB/s
[    1.963898] raid6: sse2x2   xor() 11402 MB/s
[    2.031358] raid6: sse2x4   gen() 18587 MB/s
[    2.099711] raid6: sse2x4   xor() 10621 MB/s
[    2.168085] raid6: avx2x1   gen() 21727 MB/s
[    2.235541] raid6: avx2x2   gen() 34106 MB/s
[    2.303909] raid6: avx2x4   gen() 34304 MB/s
[    2.304749] raid6: using algorithm avx2x4 gen() 34304 MB/s
[    2.305447] raid6: using avx2x2 recovery algorithm
[    2.306814] xor: automatically using best checksumming function:
[    2.343930]    avx       : 16682.000 MB/sec
[    2.345391] async_tx: api initialized (async)
[    2.351182] md: raid6 personality registered for level 6
[    2.351911] md: raid5 personality registered for level 5
[    2.352638] md: raid4 personality registered for level 4
[    2.356838] md: raid10 personality registered for level 10
done.
Begin: Running /scripts/init-premount ... done.
Begin: Mounting root file system ... Begin: Running /scripts/local-top ... done.
Begin: Running /scripts/local-premount ... [    2.378064] Btrfs loaded
Scanning for Btrfs filesystems
done.
Begin: Will now check root file system ... fsck from util-linux 2.27.1
[/sbin/fsck.ext4 (1) -- /dev/sda1] fsck.ext4 -a -C0 /dev/sda1 
cloudimg-rootfs: recovering journal
cloudimg-rootfs: clean, 136204/5120000 files, 829195/10485499 blocks
done.
[    2.413746] EXT4-fs (sda1): mounted filesystem with ordered data mode. Opts: (null)
done.
Begin: Running /scripts/local-bottom ... done.
Begin: Running /scripts/init-bottom ... done.
[    2.484754] systemd[1]: systemd 229 running in system mode. (+PAM +AUDIT +SELINUX +IMA +APPARMOR +SMACK +SYSVINIT +UTMP +LIBCRYPTSETUP +GCRYPT +GNUTLS +ACL +XZ -LZ4 +SECCOMP +BLKID +ELFUTILS +KMOD -IDN)
[    2.487075] systemd[1]: Detected virtualization oracle.
[    2.487788] systemd[1]: Detected architecture x86-64.

Welcome to [1mUbuntu 16.04.7 LTS[0m!

[    2.490865] systemd[1]: Set hostname to <ubuntu-xenial>.
[    2.699224] systemd[1]: Reached target Encrypted Volumes.
[[0;32m  OK  [0m] Reached target Encrypted Volumes.
[    2.700557] systemd[1]: Reached target User and Group Name Lookups.
[[0;32m  OK  [0m] Reached target User and Group Name Lookups.
[    2.702138] systemd[1]: Created slice System Slice.
[[0;32m  OK  [0m] Created slice System Slice.
[    2.703459] systemd[1]: Created slice system-serial\x2dgetty.slice.
[[0;32m  OK  [0m] Created slice system-serial\x2dgetty.slice.
[    2.704929] systemd[1]: Listening on /dev/initctl Compatibility Named Pipe.
[[0;32m  OK  [0m] Listening on /dev/initctl Compatibility Named Pipe.
[    2.706446] systemd[1]: Listening on udev Control Socket.
[[0;32m  OK  [0m] Listening on udev Control Socket.
[    2.707706] systemd[1]: Listening on Journal Socket.
[[0;32m  OK  [0m] Listening on Journal Socket.
[    2.723746] systemd[1]: Starting Set console keymap...
         Starting Set console keymap...
[    2.725895] systemd[1]: Mounting Debug File System...
         Mounting Debug File System...
[    2.727471] systemd[1]: Starting Create list of required static device nodes for the current kernel...
         Starting Create list of required st... nodes for the current kernel...
[    2.729668] systemd[1]: Starting Nameserver information manager...
         Starting Nameserver information manager...
[    2.731324] systemd[1]: Mounting Huge Pages File System...
         Mounting Huge Pages File System...
[    2.734014] systemd[1]: Starting Load Kernel Modules...
         Starting Load Kernel Modules...
[    2.735232] systemd[1]: Started Trigger resolvconf update for networkd DNS.
[[0;32m  OK  [0m] Started Trigger resolvconf update for networkd DNS.
[    2.737436] systemd[1]: Listening on Device-mapper event daemon FIFOs.
[[0;32m  OK  [0m] Listening on Device-mapper event daemon FIFOs.
[    2.739715] systemd[1]: Set up automount Arbitrary Executable File Formats File System Automount Point.
[[0;32m  OK  [0m] Set up automount Arbitrary Executab...ats File System Automount Point.
[    2.742430] systemd[1]: Listening on LVM2 poll daemon socket.
[[0;32m  OK  [0m] Listening on LVM2 poll daemon socket.
[    2.744222] systemd[1]: Created slice User and Session Slice.
[[0;32m  OK  [0m] Created slice User and Session Slice.
[    2.747459] systemd[1]: Reached target Slices.
[[0;32m  OK  [0m] Reached target Slices.
[    2.748943] Loading iSCSI transport class v2.0-870.
[    2.749906] systemd[1]: Listening on Syslog Socket.
[[0;32m  OK  [0m] Listening on Syslog Socket.
[    2.751388] systemd[1]: Listening on udev Kernel Socket.
[[0;32m  OK  [0m] Listening on udev Kernel Socket.
[    2.752989] systemd[1]: Listening on Journal Socket (/dev/log).
[[0;32m  OK  [0m] Listening on Journal Socket (/dev/log).
[    2.754595] systemd[1]: Listening on Journal Audit Socket.
[[0;32m  OK  [0m] Listening on Journal Audit Socket.
[    2.760206] iscsi: registered transport (tcp)
[    2.771593] systemd[1]: Mounting POSIX Message Queue File System...
         Mounting POSIX Message Queue File System...
[    2.773191] systemd[1]: Listening on LVM2 metadata daemon socket.
[[0;32m  OK  [0m] Listening on LVM2 metadata daemon socket.
[    2.775052] systemd[1]: Starting Monitoring of LVM2 mirrors, snapshots etc. using dmeventd or progress polling...
         Starting Monitoring of LVM2 mirrors... dmeventd or progress polling...
[    2.777656] systemd[1]: Reached target Swap.
[[0;32m  OK  [0m] Reached target Swap.
[    2.779658] systemd[1]: Starting Journal Service...
         Starting Journal Service...
[    2.781207] systemd[1]: Started Forward Password Requests to Wall Directory Watch.
[[0;32m  OK  [0m] Started Forward Password Requests to Wall Directory Watch.
[    2.784085] iscsi: registered transport (iser)
[    2.784918] systemd[1]: Listening on fsck to fsckd communication Socket.
[[0;32m  OK  [0m] Listening on fsck to fsckd communication Socket.
[    2.787282] systemd[1]: Starting Remount Root and Kernel File Systems...
         Starting Remount Root and Kernel File Systems...
[    2.789217] systemd[1]: Starting Uncomplicated firewall...
         Starting Uncomplicated firewall...
[    2.790796] systemd[1]: Reached target System Time Synchronized.
[[0;32m  OK  [0m] Reached target System Time Synchronized.
[    2.793305] systemd[1]: Mounted Huge Pages File System.
[[0;32m  OK  [0m] Mounted Huge Pages File System.
[    2.794658] systemd[1]: Mounted POSIX Message Queue File System.
[[0;32m  OK  [0m] Mounted POSIX Message Queue File System.
[    2.796059] systemd[1]: Mounted Debug File System.
[[0;32m  OK  [0m] Mounted Debug File System.
[    2.797603] systemd[1]: Started Set console keymap.
[[0;32m  OK  [0m] Started Set console keymap.
[    2.799284] systemd[1]: Started Create list of required static device nodes for the current kernel.
[    2.800650] EXT4-fs (sda1): re-mounted. Opts: (null)
[[0;32m  OK  [0m] Started Create list of required sta...ce nodes for the current kernel.
[    2.802853] systemd[1]: Started Load Kernel Modules.
[[0;32m  OK  [0m] Started Load Kernel Modules.
[    2.804594] systemd[1]: Started Remount Root and Kernel File Systems.
[[0;32m  OK  [0m] Started Remount Root and Kernel File Systems.
[    2.806454] systemd[1]: Started Uncomplicated firewall.
[[0;32m  OK  [0m] Started Uncomplicated firewall.
[    2.808020] systemd[1]: Started Nameserver information manager.
[[0;32m  OK  [0m] Started Nameserver information manager.
[    2.810803] systemd[1]: Started Journal Service.
[[0;32m  OK  [0m] Started Journal Service.
[[0;32m  OK  [0m] Started LVM2 metadata daemon.
         Starting Flush Journal to Persistent Storage...
         Starting udev Coldplug all Devices...
         Starting Load/Save Random Seed...
         Mounting FUSE Control File System...
         Starting Apply Kernel Variables...
         Starting Create Static Device Nodes in /dev...
[[0;32m  OK  [0m] Mounted FUSE Control File System.
[[0;32m  OK  [0m] Started Load/Save Random Seed.
[    2.828218] systemd-journald[406]: Received request to flush runtime journal from PID 1
[[0;32m  OK  [0m] Started Apply Kernel Variables.
[[0;32m  OK  [0m] Started Flush Journal to Persistent Storage.
[[0;32m  OK  [0m] Started Create Static Device Nodes in /dev.
         Starting udev Kernel Device Manager...
[[0;32m  OK  [0m] Started udev Coldplug all Devices.
[[0;32m  OK  [0m] Started udev Kernel Device Manager.
[[0;32m  OK  [0m] Started Dispatch Password Requests to Console Directory Watch.
[[0;32m  OK  [0m] Started Monitoring of LVM2 mirrors,...ng dmeventd or progress polling.
[[0;32m  OK  [0m] Reached target Local File Systems (Pre).
[[0;32m  OK  [0m] Reached target Local File Systems.
         Starting Create Volatile Files and Directories...
         Starting Set console font and keymap...
         Starting Initial cloud-init job (pre-networking)...
         Starting Tell Plymouth To Write Out Runtime Data...
         Starting LSB: AppArmor initialization...
[[0;32m  OK  [0m] Started Create Volatile Files and Directories.
         Starting Update UTMP about System Boot/Shutdown...
[[0;32m  OK  [0m] Started Tell Plymouth To Write Out Runtime Data.
[[0;32m  OK  [0m] Started Update UTMP about System Boot/Shutdown.
[[0;32m  OK  [0m] Found device /dev/ttyS0.
[[0;32m  OK  [0m] Started LSB: AppArmor initialization.
         Starting Load AppArmor profiles managed internally by snapd...
[[0;32m  OK  [0m] Listening on Load/Save RF Kill Switch Status /dev/rfkill Watch.
[[0;32m  OK  [0m] Started Load AppArmor profiles managed internally by snapd.
[[0;32m  OK  [0m] Started Set console font and keymap.
[[0;32m  OK  [0m] Created slice system-getty.slice.
[[0;32m  OK  [0m] Found device 82540EM Gigabit Ethern...r (PRO/1000 MT Desktop Adapter).
[    3.272193] cloud-init[495]: Cloud-init v. 21.1-19-gbad84ad4-0ubuntu1~16.04.2 running 'init-local' at Wed, 23 Nov 2022 00:50:16 +0000. Up 3.12 seconds.
[[0;32m  OK  [0m] Started Initial cloud-init job (pre-networking).
[[0;32m  OK  [0m] Reached target Network (Pre).
         Starting Raise network interfaces...
[[0;32m  OK  [0m] Started ifup for enp0s3.
[[0;32m  OK  [0m] Started Raise network interfaces.
         Starting Initial cloud-init job (metadata service crawler)...
[[0;32m  OK  [0m] Reached target Network.
[    3.698857] cloud-init[981]: Cloud-init v. 21.1-19-gbad84ad4-0ubuntu1~16.04.2 running 'init' at Wed, 23 Nov 2022 00:50:16 +0000. Up 3.56 seconds.
[    3.700016] cloud-init[981]: ci-info: ++++++++++++++++++++++++++++++++++++++Net device info++++++++++++++++++++++++++++++++++++++
[    3.701088] cloud-init[981]: ci-info: +--------+------+----------------------------+---------------+--------+-------------------+
[    3.702135] cloud-init[981]: ci-info: | Device |  Up  |          Address           |      Mask     | Scope  |     Hw-Address    |
[    3.703190] cloud-init[981]: ci-info: +--------+------+----------------------------+---------------+--------+-------------------+
[    3.704275] cloud-init[981]: ci-info: | enp0s3 | True |         10.0.2.15          | 255.255.255.0 | global | 02:be:82:6b:cc:1d |
[    3.705331] cloud-init[981]: ci-info: | enp0s3 | True | fe80::be:82ff:fe6b:cc1d/64 |       .       |  link  | 02:be:82:6b:cc:1d |
[    3.706520] cloud-init[981]: ci-info: |   lo   | True |         127.0.0.1          |   255.0.0.0   |  host  |         .         |
[    3.707608] cloud-init[981]: ci-info: |   lo   | True |          ::1/128           |       .       |  host  |         .         |
[    3.708721] cloud-init[981]: ci-info: +--------+------+----------------------------+---------------+--------+-------------------+
[    3.709720] cloud-init[981]: ci-info: +++++++++++++++++++++++++++Route IPv4 info++++++++++++++++++++++++++++
[    3.710664] cloud-init[981]: ci-info: +-------+-------------+----------+---------------+-----------+-------+
[    3.711606] cloud-init[981]: ci-info: | Route | Destination | Gateway  |    Genmask    | Interface | Flags |
[    3.712593] cloud-init[981]: ci-info: +-------+-------------+----------+---------------+-----------+-------+
[    3.713539] cloud-init[981]: ci-info: |   0   |   0.0.0.0   | 10.0.2.2 |    0.0.0.0    |   enp0s3  |   UG  |
[    3.714469] cloud-init[981]: ci-info: |   1   |   10.0.2.0  | 0.0.0.0  | 255.255.255.0 |   enp0s3  |   U   |
[    3.715439] cloud-init[981]: ci-info: +-------+-------------+----------+---------------+-----------+-------+
[    3.716460] cloud-init[981]: ci-info: +++++++++++++++++++Route IPv6 info+++++++++++++++++++
[    3.717352] cloud-init[981]: ci-info: +-------+-------------+---------+-----------+-------+
[    3.718251] cloud-init[981]: ci-info: | Route | Destination | Gateway | Interface | Flags |
[    3.719155] cloud-init[981]: ci-info: +-------+-------------+---------+-----------+-------+
[    3.720049] cloud-init[981]: ci-info: |   0   |  fe80::/64  |    ::   |   enp0s3  |   U   |
[    3.720926] cloud-init[981]: ci-info: |   3   |   ff00::/8  |    ::   |   enp0s3  |   U   |
[    3.721771] cloud-init[981]: ci-info: +-------+-------------+---------+-----------+-------+
[[0;32m  OK  [0m] Started Initial cloud-init job (metadata service crawler).
[[0;32m  OK  [0m] Reached target Cloud-config availability.
[[0;32m  OK  [0m] Reached target Network is Online.
         Starting iSCSI initiator daemon (iscsid)...
[[0;32m  OK  [0m] Reached target System Initialization.
[[0;32m  OK  [0m] Started Ubuntu Advantage update messaging.
[[0;32m  OK  [0m] Started Daily Cleanup of Temporary Directories.
[[0;32m  OK  [0m] Started Daily apt download activities.
[[0;32m  OK  [0m] Started Daily apt upgrade and clean activities.
[[0;32m  OK  [0m] Listening on ACPID Listen Socket.
[[0;32m  OK  [0m] Listening on UUID daemon activation socket.
         Starting Socket activation for snappy daemon.
[[0;32m  OK  [0m] Started ACPI Events Check.
[[0;32m  OK  [0m] Reached target Paths.
         Starting LXD - unix socket.
[[0;32m  OK  [0m] Started Message of the Day.
[[0;32m  OK  [0m] Reached target Timers.
[[0;32m  OK  [0m] Listening on D-Bus System Message Bus Socket.
[[0;32m  OK  [0m] Listening on Socket activation for snappy daemon.
[[0;32m  OK  [0m] Listening on LXD - unix socket.
[[0;32m  OK  [0m] Reached target Sockets.
[[0;32m  OK  [0m] Reached target Basic System.
[[0;32m  OK  [0m] Started D-Bus System Message Bus.
         Starting vboxadd.service...
         Starting Login Service...
         Starting LSB: Record successful boot for GRUB...
[[0;32m  OK  [0m] Started FUSE filesystem for LXC.
         Starting LSB: MD monitoring daemon...
         Starting /etc/rc.local Compatibility...
         Starting LXD - container startup/shutdown...
         Starting Message of the Day...
         Starting Snap Daemon...
         Starting Accounts Service...
         Starting System Logging Service...
[[0;32m  OK  [0m] Started Regular background program processing daemon.
[[0;32m  OK  [0m] Started Deferred execution scheduler.
[[0;32m  OK  [0m] Started ACPI event daemon.
         Starting OpenBSD Secure Shell server...
[[0;32m  OK  [0m] Started iSCSI initiator daemon (iscsid).
[[0;32m  OK  [0m] Started /etc/rc.local Compatibility.
[[0;32m  OK  [0m] Started Message of the Day.
         Starting Login to default iSCSI targets...
[[0;32m  OK  [0m] Started LSB: Record successful boot for GRUB.
[[0;32m  OK  [0m] Started LSB: MD monitoring daemon.
[[0;32m  OK  [0m] Started Login to default iSCSI targets.
[[0;32m  OK  [0m] Started System Logging Service.
[[0;32m  OK  [0m] Reached target Remote File Systems (Pre).
         Mounting /vagrant...
[[0;32m  OK  [0m] Started Login Service.
[[0;32m  OK  [0m] Started Unattended Upgrades Shutdown.
[[0;1;31mFAILED[0m] Failed to mount /vagrant.
See 'systemctl status vagrant.mount' for details.
[[0;1;33mDEPEND[0m] Dependency failed for Remote File Systems.
         Starting Permit User Sessions...
         Starting LSB: daemon to balance interrupts for SMP systems...
         Starting LSB: automatic crash report generation...
         Starting LSB: Set the CPU Frequency Scaling governor to "ondemand"...
[[0;32m  OK  [0m] Started Permit User Sessions.
         Starting Terminate Plymouth Boot Screen...
         Starting Hold until boot process finishes up...
[[0;32m  OK  [0m] Started Hold until boot process finishes up.
[[0;32m  OK  [0m] Started LSB: Set the CPU Frequency Scaling governor to "ondemand".
[[0;32m  OK  [0m] Started Terminate Plymouth Boot Screen.
[[0;32m  OK  [0m] Started Getty on tty1.
         Starting Set console scheme...
[[0;32m  OK  [0m] Started Serial Getty on ttyS0.
[[0;32m  OK  [0m] Reached target Login Prompts.
[[0;32m  OK  [0m] Started OpenBSD Secure Shell server.
[[0;32m  OK  [0m] Started Set console scheme.
[[0;32m  OK  [0m] Started LSB: daemon to balance interrupts for SMP systems.
         Starting Authenticate and Authorize Users to Run Privileged Tasks...
[[0;32m  OK  [0m] Started LSB: automatic crash report generation.
[[0;32m  OK  [0m] Started Authenticate and Authorize Users to Run Privileged Tasks.
[[0;32m  OK  [0m] Started Accounts Service.
[[0;32m  OK  [0m] Started LXD - container startup/shutdown.
[[0;32m  OK  [0m] Started Snap Daemon.
         Starting Wait until snapd is fully seeded...
[[0;32m  OK  [0m] Started Wait until snapd is fully seeded.
         Starting Apply the settings specified in cloud-config...
[    4.308076] cloud-init[1249]: Cloud-init v. 21.1-19-gbad84ad4-0ubuntu1~16.04.2 running 'modules:config' at Wed, 23 Nov 2022 00:50:17 +0000. Up 4.25 seconds.
[[0;32m  OK  [0m] Started Apply the settings specified in cloud-config.
[[0;32m  OK  [0m] Started vboxadd.service.
         Starting vboxadd-service.service...
[[0;32m  OK  [0m] Started vboxadd-service.service.
[[0;32m  OK  [0m] Reached target Multi-User System.
         Starting Execute cloud user/final scripts...
[[0;32m  OK  [0m] Reached target Graphical Interface.
         Starting Update UTMP about System Runlevel Changes...
[[0;32m  OK  [0m] Started Update UTMP about System Runlevel Changes.
[    4.690496] cloud-init[1329]: Cloud-init v. 21.1-19-gbad84ad4-0ubuntu1~16.04.2 running 'modules:final' at Wed, 23 Nov 2022 00:50:17 +0000. Up 4.63 seconds.
[    4.691744] cloud-init[1329]: Cloud-init v. 21.1-19-gbad84ad4-0ubuntu1~16.04.2 finished at Wed, 23 Nov 2022 00:50:17 +0000. Datasource DataSourceNoCloud [seed=/dev/sdb][dsmode=net].  Up 4.68 seconds
[[0;32m  OK  [0m] Started Execute cloud user/final scripts.
[[0;32m  OK  [0m] Reached target Cloud-init target.

Ubuntu 16.04.7 LTS ubuntu-xenial ttyS0

ubuntu-xenial login: 